................................................................F.FF.... [  5%]
........................................................................ [ 10%]
........................................................................ [ 16%]
........................................................................ [ 21%]
........................................................................ [ 27%]
........................................................FFFFFFF......... [ 32%]
........................................................................ [ 37%]
........................................................................ [ 43%]
.................................ss..................................... [ 48%]
........................................................................ [ 54%]
........................................................................ [ 59%]
........................................................................ [ 65%]
........................................................................ [ 70%]
........................................................................ [ 75%]
........................................................................ [ 81%]
........................................................................ [ 86%]
........................................................................ [ 92%]
........................................................................ [ 97%]
................................                                         [100%]
=================================== FAILURES ===================================
__________ test_p9b_a_feature_never_appears_as_an_attribution_driver ___________

monkeypatch = <_pytest.monkeypatch.MonkeyPatch object at 0x7f41cf94a9f0>

    def test_p9b_a_feature_never_appears_as_an_attribution_driver(
            monkeypatch) -> None:
        """The two sections answer different questions, so a name in one must not
        be readable as a bar in the other."""
        monkeypatch.setenv(FLAGS[dom.CORPORATE], "1")
        _store, _made, out, _digest = preview_then_execute(
            dom.CORPORATE, methods=["delta", "ml"])
        drivers = {str(r["item"]) for r in out.rows
                   if str(r["section"]).startswith("attribution")
                   and r.get("view")}
        assert drivers, (
            "the attribution sections are named `attribution_mechanism` and "
            "`attribution_economic`; an empty set here means this test is looking "
            "at nothing and would pass whatever the product published")
        features = {str(r["item"]) for r in out.rows
                    if r["section"] == "ml_explanation"
                    and str(r.get("scope", "")) in (
                        "feature contribution", "gain importance",
                        "response relationship")}
        overlap = drivers & features
>       assert not overlap, (
            f"{sorted(overlap)} is published both as a driver of the ECL movement "
            f"and as a feature of the prediction. Those are different quantities "
            f"and a reader who adds them is adding two different things.")
E       AssertionError: ['pd_pit_12m'] is published both as a driver of the ECL movement and as a feature of the prediction. Those are different quantities and a reader who adds them is adding two different things.
E       assert not {'pd_pit_12m'}

tests/cockpit_v4/test_whatif_bridge.py:943: AssertionError
_ test_the_accepted_releases_are_byte_identical[v4-saudi-corporate-20q-v4-e37236d0f6d4e494fea0fe2f2b66b83085e76cb9eabdd2c2e2b95ea87a36750f] _

release = 'v4-saudi-corporate-20q-v4'
digest = 'e37236d0f6d4e494fea0fe2f2b66b83085e76cb9eabdd2c2e2b95ea87a36750f'

    @pytest.mark.parametrize("release,digest", sorted(
        ACCEPTED_FINGERPRINTS.items()))
    def test_the_accepted_releases_are_byte_identical(release, digest) -> None:
        """A01, A02 and D09. The candidate is written into the same lake root,
        so this is not a formality."""
        assert lake.exists(release)
>       assert lake.fingerprint(release) == digest
E       AssertionError: assert 'c79d0fdf8753...9f6a43e22a740' == 'e37236d0f6d4...95ea87a36750f'
E         
E         - e37236d0f6d4e494fea0fe2f2b66b83085e76cb9eabdd2c2e2b95ea87a36750f
E         + c79d0fdf8753576f391f2a6bb84f281595e7445291a558abe639f6a43e22a740

tests/cockpit_v4/test_whatif_candidate_release.py:96: AssertionError
_ test_the_accepted_releases_are_byte_identical[v4-saudi-retail-20m-v5-a1e797dcc73236b7a0bdac3635712a912c5680a1b3c7de60f059c78d893706cb] _

release = 'v4-saudi-retail-20m-v5'
digest = 'a1e797dcc73236b7a0bdac3635712a912c5680a1b3c7de60f059c78d893706cb'

    @pytest.mark.parametrize("release,digest", sorted(
        ACCEPTED_FINGERPRINTS.items()))
    def test_the_accepted_releases_are_byte_identical(release, digest) -> None:
        """A01, A02 and D09. The candidate is written into the same lake root,
        so this is not a formality."""
        assert lake.exists(release)
>       assert lake.fingerprint(release) == digest
E       AssertionError: assert 'c23a15d78ba8...9085399f04e5b' == 'a1e797dcc732...9c78d893706cb'
E         
E         - a1e797dcc73236b7a0bdac3635712a912c5680a1b3c7de60f059c78d893706cb
E         + c23a15d78ba88d39aeae6983e68fff2230b644f5c8f91bec5c89085399f04e5b

tests/cockpit_v4/test_whatif_candidate_release.py:96: AssertionError
___ test_the_accepted_environment_carries_none_of_the_ml_libraries[xgboost] ____

library = 'xgboost'

    @pytest.mark.parametrize("library", ["xgboost", "lightgbm", "sklearn",
                                         "shap", "scipy", "matplotlib"])
    def test_the_accepted_environment_carries_none_of_the_ml_libraries(library):
        """The candidate can see the accepted environment; not the reverse.
    
        This suite runs on the ACCEPTED interpreter. If one of these ever
        becomes importable here, a dependency has leaked out of
        `requirements-whatif.txt` into the accepted environment.
        """
>       assert importlib.util.find_spec(library) is None, (
            f"{library} is importable from the accepted interpreter. It belongs "
            f"in .venv-whatif only; see requirements-whatif.txt.")
E       AssertionError: xgboost is importable from the accepted interpreter. It belongs in .venv-whatif only; see requirements-whatif.txt.
E       assert ModuleSpec(name='xgboost', loader=<_frozen_importlib_external.SourceFileLoader object at 0x7f42aee0f800>, origin='/hom...py', submodule_search_locations=['/home/user/gw_final_f490ab9fad8f/.venv-whatif/lib/python3.12/site-packages/xgboost']) is None
E        +  where ModuleSpec(name='xgboost', loader=<_frozen_importlib_external.SourceFileLoader object at 0x7f42aee0f800>, origin='/hom...py', submodule_search_locations=['/home/user/gw_final_f490ab9fad8f/.venv-whatif/lib/python3.12/site-packages/xgboost']) = <function find_spec at 0x7f42decac9a0>('xgboost')
E        +    where <function find_spec at 0x7f42decac9a0> = <module 'importlib.util' (frozen)>.find_spec
E        +      where <module 'importlib.util' (frozen)> = importlib.util

tests/cockpit_v4/test_whatif_ml.py:534: AssertionError
___ test_the_accepted_environment_carries_none_of_the_ml_libraries[lightgbm] ___

library = 'lightgbm'

    @pytest.mark.parametrize("library", ["xgboost", "lightgbm", "sklearn",
                                         "shap", "scipy", "matplotlib"])
    def test_the_accepted_environment_carries_none_of_the_ml_libraries(library):
        """The candidate can see the accepted environment; not the reverse.
    
        This suite runs on the ACCEPTED interpreter. If one of these ever
        becomes importable here, a dependency has leaked out of
        `requirements-whatif.txt` into the accepted environment.
        """
>       assert importlib.util.find_spec(library) is None, (
            f"{library} is importable from the accepted interpreter. It belongs "
            f"in .venv-whatif only; see requirements-whatif.txt.")
E       AssertionError: lightgbm is importable from the accepted interpreter. It belongs in .venv-whatif only; see requirements-whatif.txt.
E       assert ModuleSpec(name='lightgbm', loader=<_frozen_importlib_external.SourceFileLoader object at 0x7f41cffb67b0>, origin='/ho...y', submodule_search_locations=['/home/user/gw_final_f490ab9fad8f/.venv-whatif/lib/python3.12/site-packages/lightgbm']) is None
E        +  where ModuleSpec(name='lightgbm', loader=<_frozen_importlib_external.SourceFileLoader object at 0x7f41cffb67b0>, origin='/ho...y', submodule_search_locations=['/home/user/gw_final_f490ab9fad8f/.venv-whatif/lib/python3.12/site-packages/lightgbm']) = <function find_spec at 0x7f42decac9a0>('lightgbm')
E        +    where <function find_spec at 0x7f42decac9a0> = <module 'importlib.util' (frozen)>.find_spec
E        +      where <module 'importlib.util' (frozen)> = importlib.util

tests/cockpit_v4/test_whatif_ml.py:534: AssertionError
___ test_the_accepted_environment_carries_none_of_the_ml_libraries[sklearn] ____

library = 'sklearn'

    @pytest.mark.parametrize("library", ["xgboost", "lightgbm", "sklearn",
                                         "shap", "scipy", "matplotlib"])
    def test_the_accepted_environment_carries_none_of_the_ml_libraries(library):
        """The candidate can see the accepted environment; not the reverse.
    
        This suite runs on the ACCEPTED interpreter. If one of these ever
        becomes importable here, a dependency has leaked out of
        `requirements-whatif.txt` into the accepted environment.
        """
>       assert importlib.util.find_spec(library) is None, (
            f"{library} is importable from the accepted interpreter. It belongs "
            f"in .venv-whatif only; see requirements-whatif.txt.")
E       AssertionError: sklearn is importable from the accepted interpreter. It belongs in .venv-whatif only; see requirements-whatif.txt.
E       assert ModuleSpec(name='sklearn', loader=<_frozen_importlib_external.SourceFileLoader object at 0x7f42ae3a70e0>, origin='/hom...py', submodule_search_locations=['/home/user/gw_final_f490ab9fad8f/.venv-whatif/lib/python3.12/site-packages/sklearn']) is None
E        +  where ModuleSpec(name='sklearn', loader=<_frozen_importlib_external.SourceFileLoader object at 0x7f42ae3a70e0>, origin='/hom...py', submodule_search_locations=['/home/user/gw_final_f490ab9fad8f/.venv-whatif/lib/python3.12/site-packages/sklearn']) = <function find_spec at 0x7f42decac9a0>('sklearn')
E        +    where <function find_spec at 0x7f42decac9a0> = <module 'importlib.util' (frozen)>.find_spec
E        +      where <module 'importlib.util' (frozen)> = importlib.util

tests/cockpit_v4/test_whatif_ml.py:534: AssertionError
_____ test_the_accepted_environment_carries_none_of_the_ml_libraries[shap] _____

library = 'shap'

    @pytest.mark.parametrize("library", ["xgboost", "lightgbm", "sklearn",
                                         "shap", "scipy", "matplotlib"])
    def test_the_accepted_environment_carries_none_of_the_ml_libraries(library):
        """The candidate can see the accepted environment; not the reverse.
    
        This suite runs on the ACCEPTED interpreter. If one of these ever
        becomes importable here, a dependency has leaked out of
        `requirements-whatif.txt` into the accepted environment.
        """
>       assert importlib.util.find_spec(library) is None, (
            f"{library} is importable from the accepted interpreter. It belongs "
            f"in .venv-whatif only; see requirements-whatif.txt.")
E       AssertionError: shap is importable from the accepted interpreter. It belongs in .venv-whatif only; see requirements-whatif.txt.
E       assert ModuleSpec(name='shap', loader=<_frozen_importlib_external.SourceFileLoader object at 0x7f428671ba40>, origin='/home/u...__.py', submodule_search_locations=['/home/user/gw_final_f490ab9fad8f/.venv-whatif/lib/python3.12/site-packages/shap']) is None
E        +  where ModuleSpec(name='shap', loader=<_frozen_importlib_external.SourceFileLoader object at 0x7f428671ba40>, origin='/home/u...__.py', submodule_search_locations=['/home/user/gw_final_f490ab9fad8f/.venv-whatif/lib/python3.12/site-packages/shap']) = <function find_spec at 0x7f42decac9a0>('shap')
E        +    where <function find_spec at 0x7f42decac9a0> = <module 'importlib.util' (frozen)>.find_spec
E        +      where <module 'importlib.util' (frozen)> = importlib.util

tests/cockpit_v4/test_whatif_ml.py:534: AssertionError
____ test_the_accepted_environment_carries_none_of_the_ml_libraries[scipy] _____

library = 'scipy'

    @pytest.mark.parametrize("library", ["xgboost", "lightgbm", "sklearn",
                                         "shap", "scipy", "matplotlib"])
    def test_the_accepted_environment_carries_none_of_the_ml_libraries(library):
        """The candidate can see the accepted environment; not the reverse.
    
        This suite runs on the ACCEPTED interpreter. If one of these ever
        becomes importable here, a dependency has leaked out of
        `requirements-whatif.txt` into the accepted environment.
        """
>       assert importlib.util.find_spec(library) is None, (
            f"{library} is importable from the accepted interpreter. It belongs "
            f"in .venv-whatif only; see requirements-whatif.txt.")
E       AssertionError: scipy is importable from the accepted interpreter. It belongs in .venv-whatif only; see requirements-whatif.txt.
E       assert ModuleSpec(name='scipy', loader=<_frozen_importlib_external.SourceFileLoader object at 0x7f42aee0e180>, origin='/home/..._.py', submodule_search_locations=['/home/user/gw_final_f490ab9fad8f/.venv-whatif/lib/python3.12/site-packages/scipy']) is None
E        +  where ModuleSpec(name='scipy', loader=<_frozen_importlib_external.SourceFileLoader object at 0x7f42aee0e180>, origin='/home/..._.py', submodule_search_locations=['/home/user/gw_final_f490ab9fad8f/.venv-whatif/lib/python3.12/site-packages/scipy']) = <function find_spec at 0x7f42decac9a0>('scipy')
E        +    where <function find_spec at 0x7f42decac9a0> = <module 'importlib.util' (frozen)>.find_spec
E        +      where <module 'importlib.util' (frozen)> = importlib.util

tests/cockpit_v4/test_whatif_ml.py:534: AssertionError
__ test_the_accepted_environment_carries_none_of_the_ml_libraries[matplotlib] __

library = 'matplotlib'

    @pytest.mark.parametrize("library", ["xgboost", "lightgbm", "sklearn",
                                         "shap", "scipy", "matplotlib"])
    def test_the_accepted_environment_carries_none_of_the_ml_libraries(library):
        """The candidate can see the accepted environment; not the reverse.
    
        This suite runs on the ACCEPTED interpreter. If one of these ever
        becomes importable here, a dependency has leaked out of
        `requirements-whatif.txt` into the accepted environment.
        """
>       assert importlib.util.find_spec(library) is None, (
            f"{library} is importable from the accepted interpreter. It belongs "
            f"in .venv-whatif only; see requirements-whatif.txt.")
E       AssertionError: matplotlib is importable from the accepted interpreter. It belongs in .venv-whatif only; see requirements-whatif.txt.
E       assert ModuleSpec(name='matplotlib', loader=<_frozen_importlib_external.SourceFileLoader object at 0x7f41e125e150>, origin='/..., submodule_search_locations=['/home/user/gw_final_f490ab9fad8f/.venv-whatif/lib/python3.12/site-packages/matplotlib']) is None
E        +  where ModuleSpec(name='matplotlib', loader=<_frozen_importlib_external.SourceFileLoader object at 0x7f41e125e150>, origin='/..., submodule_search_locations=['/home/user/gw_final_f490ab9fad8f/.venv-whatif/lib/python3.12/site-packages/matplotlib']) = <function find_spec at 0x7f42decac9a0>('matplotlib')
E        +    where <function find_spec at 0x7f42decac9a0> = <module 'importlib.util' (frozen)>.find_spec
E        +      where <module 'importlib.util' (frozen)> = importlib.util

tests/cockpit_v4/test_whatif_ml.py:534: AssertionError
_________ test_importing_the_ml_package_needs_none_of_those_libraries __________

    def test_importing_the_ml_package_needs_none_of_those_libraries() -> None:
        """Every import of them is inside a function, so this suite can run."""
        from backend.cockpit_v4.scenario.ml import components as cp
    
        assert set(cp.available()) == set(ml.COMPONENTS)
>       assert sorted(cp.missing()) == sorted(ml.COMPONENTS)
E       AssertionError: assert [] == ['additive_lo...m', 'xgboost']
E         
E         Right contains 3 more items, first extra item: 'additive_log'
E         Use -v to get more diff

tests/cockpit_v4/test_whatif_ml.py:544: AssertionError
=============================== warnings summary ===============================
tests/cockpit_v4/test_whatif_bridge.py::test_p8b_an_unavailable_method_keeps_its_row_and_its_empty_cells
  /home/user/gw_final_f490ab9fad8f/.venv-whatif/lib/python3.12/site-packages/matplotlib/_fontconfig_pattern.py:64: PyparsingDeprecationWarning: 'oneOf' deprecated - use 'one_of'
    prop = Group((name + Suppress("=") + comma_separated(value)) | oneOf(_CONSTANTS))

tests/cockpit_v4/test_whatif_bridge.py::test_p8b_an_unavailable_method_keeps_its_row_and_its_empty_cells
tests/cockpit_v4/test_whatif_bridge.py::test_p8b_an_unavailable_method_keeps_its_row_and_its_empty_cells
tests/cockpit_v4/test_whatif_bridge.py::test_p8b_an_unavailable_method_keeps_its_row_and_its_empty_cells
tests/cockpit_v4/test_whatif_bridge.py::test_p8b_an_unavailable_method_keeps_its_row_and_its_empty_cells
tests/cockpit_v4/test_whatif_bridge.py::test_p8b_an_unavailable_method_keeps_its_row_and_its_empty_cells
tests/cockpit_v4/test_whatif_bridge.py::test_p8b_an_unavailable_method_keeps_its_row_and_its_empty_cells
  /home/user/gw_final_f490ab9fad8f/.venv-whatif/lib/python3.12/site-packages/matplotlib/_fontconfig_pattern.py:85: PyparsingDeprecationWarning: 'parseString' deprecated - use 'parse_string'
    parse = parser.parseString(pattern)

tests/cockpit_v4/test_whatif_bridge.py::test_p8b_an_unavailable_method_keeps_its_row_and_its_empty_cells
tests/cockpit_v4/test_whatif_bridge.py::test_p8b_an_unavailable_method_keeps_its_row_and_its_empty_cells
tests/cockpit_v4/test_whatif_bridge.py::test_p8b_an_unavailable_method_keeps_its_row_and_its_empty_cells
tests/cockpit_v4/test_whatif_bridge.py::test_p8b_an_unavailable_method_keeps_its_row_and_its_empty_cells
tests/cockpit_v4/test_whatif_bridge.py::test_p8b_an_unavailable_method_keeps_its_row_and_its_empty_cells
tests/cockpit_v4/test_whatif_bridge.py::test_p8b_an_unavailable_method_keeps_its_row_and_its_empty_cells
  /home/user/gw_final_f490ab9fad8f/.venv-whatif/lib/python3.12/site-packages/matplotlib/_fontconfig_pattern.py:89: PyparsingDeprecationWarning: 'resetCache' deprecated - use 'reset_cache'
    parser.resetCache()

tests/cockpit_v4/test_whatif_bridge.py::test_p8b_an_unavailable_method_keeps_its_row_and_its_empty_cells
  /home/user/gw_final_f490ab9fad8f/.venv-whatif/lib/python3.12/site-packages/matplotlib/_mathtext.py:45: PyparsingDeprecationWarning: 'enablePackrat' deprecated - use 'enable_packrat'
    ParserElement.enablePackrat()

-- Docs: https://docs.pytest.org/en/stable/how-to/capture-warnings.html
=========================== short test summary info ============================
FAILED tests/cockpit_v4/test_whatif_bridge.py::test_p9b_a_feature_never_appears_as_an_attribution_driver
FAILED tests/cockpit_v4/test_whatif_candidate_release.py::test_the_accepted_releases_are_byte_identical[v4-saudi-corporate-20q-v4-e37236d0f6d4e494fea0fe2f2b66b83085e76cb9eabdd2c2e2b95ea87a36750f]
FAILED tests/cockpit_v4/test_whatif_candidate_release.py::test_the_accepted_releases_are_byte_identical[v4-saudi-retail-20m-v5-a1e797dcc73236b7a0bdac3635712a912c5680a1b3c7de60f059c78d893706cb]
FAILED tests/cockpit_v4/test_whatif_ml.py::test_the_accepted_environment_carries_none_of_the_ml_libraries[xgboost]
FAILED tests/cockpit_v4/test_whatif_ml.py::test_the_accepted_environment_carries_none_of_the_ml_libraries[lightgbm]
FAILED tests/cockpit_v4/test_whatif_ml.py::test_the_accepted_environment_carries_none_of_the_ml_libraries[sklearn]
FAILED tests/cockpit_v4/test_whatif_ml.py::test_the_accepted_environment_carries_none_of_the_ml_libraries[shap]
FAILED tests/cockpit_v4/test_whatif_ml.py::test_the_accepted_environment_carries_none_of_the_ml_libraries[scipy]
FAILED tests/cockpit_v4/test_whatif_ml.py::test_the_accepted_environment_carries_none_of_the_ml_libraries[matplotlib]
FAILED tests/cockpit_v4/test_whatif_ml.py::test_importing_the_ml_package_needs_none_of_those_libraries
10 failed, 1316 passed, 2 skipped, 14 warnings in 654.41s (0:10:54)
