........................................................................ [  1%]
........................................................................ [  2%]
........................................................................ [  4%]
........................................................................ [  5%]
........................................................................ [  7%]
........................................................................ [  8%]
........................................................................ [ 10%]
........................................................................ [ 11%]
........................................................................ [ 13%]
........s...s........................................................... [ 14%]
........................................................................ [ 16%]
........................................................................ [ 17%]
........................................................................ [ 19%]
........................................................................ [ 20%]
........................................................................ [ 22%]
........................................................................ [ 23%]
........................................................................ [ 25%]
........................................................................ [ 26%]
........................................................................ [ 28%]
.......s.....s..s....................................................... [ 29%]
........................................................................ [ 31%]
........................................................................ [ 32%]
........................................................................ [ 34%]
........................................................................ [ 35%]
........................................................................ [ 37%]
........................................................................ [ 38%]
........................................................................ [ 40%]
........................................................................ [ 41%]
........................................................................ [ 42%]
.......................................................................s [ 44%]
.....s.................................................................. [ 45%]
........................................................................ [ 47%]
........................................................................ [ 48%]
........................................................................ [ 50%]
........................................................................ [ 51%]
........................................................................ [ 53%]
........................................................................ [ 54%]
........................................................................ [ 56%]
........................................................................ [ 57%]
........................................................................ [ 59%]
........................................................................ [ 60%]
........................................................................ [ 62%]
........................................................................ [ 63%]
........................................................................ [ 65%]
........................................................................ [ 66%]
........................................................................ [ 68%]
........................................................................ [ 69%]
.........sss.sss...sssssss...ssssss.s.s.s..s.ss.s.s.........s.s......... [ 71%]
........................................................................ [ 72%]
........................................................................ [ 74%]
........................................................................ [ 75%]
........................................................................ [ 77%]
........................................................................ [ 78%]
.................................................................FF..... [ 80%]
........................................................................ [ 81%]
........................................................................ [ 83%]
........................................................................ [ 84%]
........................................................................ [ 85%]
............................................................F........... [ 87%]
........................................................................ [ 88%]
........................................................................ [ 90%]
................................ss...................................... [ 91%]
........................................................................ [ 93%]
........................................................................ [ 94%]
........................................................................ [ 96%]
........................................................................ [ 97%]
........................................................................ [ 99%]
................................                                         [100%]
=================================== FAILURES ===================================
_ test_the_accepted_releases_are_byte_identical[v4-saudi-corporate-20q-v4-e37236d0f6d4e494fea0fe2f2b66b83085e76cb9eabdd2c2e2b95ea87a36750f] _

release = 'v4-saudi-corporate-20q-v4'
digest = 'e37236d0f6d4e494fea0fe2f2b66b83085e76cb9eabdd2c2e2b95ea87a36750f'

    @pytest.mark.parametrize("release,digest", sorted(
        ACCEPTED_FINGERPRINTS.items()))
    def test_the_accepted_releases_are_byte_identical(release, digest) -> None:
        """A01, A02 and D09. The candidate is written into the same lake root,
        so this is not a formality."""
        assert lake.exists(release)
>       assert lake.fingerprint(release) == digest
E       AssertionError: assert 'c79d0fdf8753...9f6a43e22a740' == 'e37236d0f6d4...95ea87a36750f'
E         
E         - e37236d0f6d4e494fea0fe2f2b66b83085e76cb9eabdd2c2e2b95ea87a36750f
E         + c79d0fdf8753576f391f2a6bb84f281595e7445291a558abe639f6a43e22a740

tests/cockpit_v4/test_whatif_candidate_release.py:96: AssertionError
_ test_the_accepted_releases_are_byte_identical[v4-saudi-retail-20m-v5-a1e797dcc73236b7a0bdac3635712a912c5680a1b3c7de60f059c78d893706cb] _

release = 'v4-saudi-retail-20m-v5'
digest = 'a1e797dcc73236b7a0bdac3635712a912c5680a1b3c7de60f059c78d893706cb'

    @pytest.mark.parametrize("release,digest", sorted(
        ACCEPTED_FINGERPRINTS.items()))
    def test_the_accepted_releases_are_byte_identical(release, digest) -> None:
        """A01, A02 and D09. The candidate is written into the same lake root,
        so this is not a formality."""
        assert lake.exists(release)
>       assert lake.fingerprint(release) == digest
E       AssertionError: assert 'c23a15d78ba8...9085399f04e5b' == 'a1e797dcc732...9c78d893706cb'
E         
E         - a1e797dcc73236b7a0bdac3635712a912c5680a1b3c7de60f059c78d893706cb
E         + c23a15d78ba88d39aeae6983e68fff2230b644f5c8f91bec5c89085399f04e5b

tests/cockpit_v4/test_whatif_candidate_release.py:96: AssertionError
__ test_the_accepted_environment_carries_none_of_the_ml_libraries[matplotlib] __

library = 'matplotlib'

    @pytest.mark.parametrize("library", ["xgboost", "lightgbm", "sklearn",
                                         "shap", "scipy", "matplotlib"])
    def test_the_accepted_environment_carries_none_of_the_ml_libraries(library):
        """The candidate can see the accepted environment; not the reverse.
    
        This suite runs on the ACCEPTED interpreter. If one of these ever
        becomes importable here, a dependency has leaked out of
        `requirements-whatif.txt` into the accepted environment.
        """
>       assert importlib.util.find_spec(library) is None, (
            f"{library} is importable from the accepted interpreter. It belongs "
            f"in .venv-whatif only; see requirements-whatif.txt.")
E       AssertionError: matplotlib is importable from the accepted interpreter. It belongs in .venv-whatif only; see requirements-whatif.txt.
E       assert ModuleSpec(name='matplotlib', loader=<_frozen_importlib_external.SourceFileLoader object at 0x7f1b00ee6660>, origin='/...es/matplotlib/__init__.py', submodule_search_locations=['/home/user/.venv312/lib/python3.12/site-packages/matplotlib']) is None
E        +  where ModuleSpec(name='matplotlib', loader=<_frozen_importlib_external.SourceFileLoader object at 0x7f1b00ee6660>, origin='/...es/matplotlib/__init__.py', submodule_search_locations=['/home/user/.venv312/lib/python3.12/site-packages/matplotlib']) = <function find_spec at 0x7f1b6d2ac900>('matplotlib')
E        +    where <function find_spec at 0x7f1b6d2ac900> = <module 'importlib.util' (frozen)>.find_spec
E        +      where <module 'importlib.util' (frozen)> = importlib.util

tests/cockpit_v4/test_whatif_ml.py:534: AssertionError
=========================== short test summary info ============================
FAILED tests/cockpit_v4/test_whatif_candidate_release.py::test_the_accepted_releases_are_byte_identical[v4-saudi-corporate-20q-v4-e37236d0f6d4e494fea0fe2f2b66b83085e76cb9eabdd2c2e2b95ea87a36750f]
FAILED tests/cockpit_v4/test_whatif_candidate_release.py::test_the_accepted_releases_are_byte_identical[v4-saudi-retail-20m-v5-a1e797dcc73236b7a0bdac3635712a912c5680a1b3c7de60f059c78d893706cb]
FAILED tests/cockpit_v4/test_whatif_ml.py::test_the_accepted_environment_carries_none_of_the_ml_libraries[matplotlib]
3 failed, 4815 passed, 39 skipped in 1831.28s (0:30:31)
